// Jest Snapshot v1, https://goo.gl/fbAQLP

exports[`@nx/vite/plugin not root project should create nodes 1`] = `
{
  "projects": {
    "my-app": {
      "root": "my-app",
      "targets": {
        "build-something": {
          "cache": true,
          "command": "vite build",
          "dependsOn": [
            "^build-something",
          ],
          "inputs": [
            "production",
            "^production",
            {
              "externalDependencies": [
                "vite",
              ],
            },
          ],
          "options": {
            "cwd": "my-app",
          },
          "outputs": [
            "{workspaceRoot}/dist/{projectRoot}",
          ],
        },
        "my-serve": {
          "command": "vite serve",
          "options": {
            "cwd": "my-app",
          },
        },
        "preview-site": {
          "command": "vite preview",
          "options": {
            "cwd": "my-app",
          },
        },
        "serve-static": {
          "executor": "@nx/web:file-server",
          "options": {
            "buildTarget": "build-something",
            "spa": true,
          },
        },
      },
    },
  },
}
`;

exports[`@nx/vite/plugin root project should create nodes 1`] = `
{
  "projects": {
    ".": {
      "root": ".",
      "targets": {
        "build": {
          "cache": true,
          "command": "vite build",
          "dependsOn": [
            "^build",
          ],
          "inputs": [
            "production",
            "^production",
            {
              "externalDependencies": [
                "vite",
              ],
            },
          ],
          "options": {
            "cwd": ".",
          },
          "outputs": [
            "{projectRoot}/dist",
          ],
        },
        "preview": {
          "command": "vite preview",
          "options": {
            "cwd": ".",
          },
        },
        "serve": {
          "command": "vite serve",
          "options": {
            "cwd": ".",
          },
        },
        "serve-static": {
          "executor": "@nx/web:file-server",
          "options": {
            "buildTarget": "build",
            "spa": true,
          },
        },
      },
    },
  },
}
`;
